0.3361000093398759
